// Vitest Snapshot v1, https://vitest.dev/guide/snapshot.html

exports[`reading packet snapshots > matches canonical dense reading packet JSON 1`] = `
"{
  "changeEvents": [
    "\\"CeMAP qualification\\": status NOT_STARTED → ACTIVE"
  ],
  "categorySignals": [
    {
      "themeLabel": "Work & Career",
      "categoryLabel": "Job",
      "byStatus": {
        "ACTIVE": 2,
        "COMPLETE": 1
      },
      "pursuits": [
        {
          "title": "Senior Engineer at Acme",
          "status": "COMPLETE",
          "significance": 4,
          "signal": "arrival"
        },
        {
          "title": "CeMAP qualification",
          "status": "ACTIVE",
          "deadline": "2026-06-20",
          "significance": 5,
          "signal": "gap"
        },
        {
          "title": "Product Lead search",
          "status": "ACTIVE",
          "deadline": "2026-06-25",
          "significance": 5
        }
      ],
      "facts": [
        "Work & Career · Job: 1 complete and 2 in progress",
        "Active with deadlines: CeMAP qualification (deadline Jun 2026); Product Lead search (deadline Jun 2026)",
        "Significant but stalled: CeMAP qualification (sig 5, deadline 6d, 0 of 2 milestones completed)"
      ]
    }
  ],
  "recentEvents": {
    "past": [
      {
        "kind": "milestone_complete",
        "date": "2026-05-20",
        "placement": "past",
        "title": "Half marathon PB",
        "pursuitTitle": "London Marathon 2027",
        "themeId": "health",
        "themeLabel": "Health & Body",
        "significance": 4
      }
    ],
    "upcoming": [
      {
        "kind": "pursuit_deadline",
        "date": "2026-06-20",
        "placement": "future",
        "title": "CeMAP qualification",
        "pursuitTitle": "CeMAP qualification",
        "themeId": "work",
        "themeLabel": "Work & Career",
        "significance": 5
      }
    ]
  },
  "mapAggregates": {
    "totalPursuits": 12,
    "upcomingDeadlines14d": 2,
    "upcomingDeadlines30d": 4,
    "recentCompletions90d": 3,
    "highSignificanceActive": [
      "CeMAP qualification",
      "Product Lead search",
      "£500,000 ISA",
      "Plan wedding"
    ]
  },
  "gapFacts": [
    "Significant but stalled: CeMAP qualification (sig 5, deadline 6d, 0 of 2 milestones completed)"
  ],
  "milestonePaceFacts": [
    "Product Lead search: 1/1 milestones complete; last milestone 44d ago",
    "Senior Engineer at Acme: 1/1 milestones complete; last milestone 65d ago"
  ]
}"
`;
